
[1m[30m[46m RUN [49m[39m[22m [36mv4.1.10 [39m[90mF:/GitHubProject/Ymcp/web[39m

 [31m❯[39m .goal/goals/novel-story-guidance/tmp/smoke-e2e.test.ts [2m([22m[2m12 tests[22m[2m | [22m[31m3 failed[39m[2m)[22m[33m 195753[2mms[22m[39m
     [32m✓[39m 配置 API 指向 dev proxy[32m 2[2mms[22m[39m
     [32m✓[39m 创建测试项目[32m 34[2mms[22m[39m
     [33m[2m✓[22m[39m 生成项目定位 [33m 18879[2mms[22m[39m
     [33m[2m✓[22m[39m 生成全书架构 [33m 27232[2mms[22m[39m
     [33m[2m✓[22m[39m 生成核心角色 [33m 32851[2mms[22m[39m
     [33m[2m✓[22m[39m 生成故事大纲 [33m 33447[2mms[22m[39m
     [32m✓[39m 捕获规划阶段项目状态[32m 1[2mms[22m[39m
     [33m[2m✓[22m[39m 创建章节并启动工作流 [33m 29075[2mms[22m[39m
     [33m[2m✓[22m[39m 推进到蓝图审批并批准 [33m 54216[2mms[22m[39m
[31m     [31m×[31m 推进到正文审批并批准[39m[32m 6[2mms[22m[39m
[31m     [31m×[31m 推进到事实审批并批准[39m[32m 2[2mms[22m[39m
[31m     [31m×[31m 等待工作流完成并捕获最终状态[39m[32m 4[2mms[22m[39m

⎯⎯⎯⎯⎯⎯⎯ Failed Tests 3 ⎯⎯⎯⎯⎯⎯⎯

 FAIL  .goal/goals/novel-story-guidance/tmp/smoke-e2e.test.ts > smoke e2e: premise → fact extraction > 推进到正文审批并批准
AssertionError: expected 'failed' to be 'waiting-approval' // Object.is equality

Expected: "waiting-approval"
Received: "failed"

 ❯ .goal/goals/novel-story-guidance/tmp/smoke-e2e.test.ts:224:24
    222|     const report = await novelDb.qualityReports.where("workflowRunId")…
    223|     if (report.length) await saveArtifact("13-quality-report-json.txt"…
    224|     expect(run.status).toBe("waiting-approval");
       |                        ^
    225|     expect(run.currentStage).toBe("manuscript-approval");
    226|     await approveWorkflowStage(run.id, { approved: true });

⎯⎯⎯⎯⎯⎯⎯⎯⎯⎯⎯⎯⎯⎯⎯⎯⎯⎯⎯⎯⎯⎯⎯⎯[1/3]⎯

 FAIL  .goal/goals/novel-story-guidance/tmp/smoke-e2e.test.ts > smoke e2e: premise → fact extraction > 推进到事实审批并批准
AssertionError: expected 'failed' to be 'waiting-approval' // Object.is equality

Expected: "waiting-approval"
Received: "failed"

 ❯ .goal/goals/novel-story-guidance/tmp/smoke-e2e.test.ts:248:24
    246|     const factArtifact = await novelDb.workflowArtifacts.where("workfl…
    247|     if (factArtifact) await saveArtifact("14-fact-delta.md", factArtif…
    248|     expect(run.status).toBe("waiting-approval");
       |                        ^
    249|     expect(run.currentStage).toBe("fact-approval");
    250|     await approveWorkflowStage(run.id, { approved: true });

⎯⎯⎯⎯⎯⎯⎯⎯⎯⎯⎯⎯⎯⎯⎯⎯⎯⎯⎯⎯⎯⎯⎯⎯[2/3]⎯


[2m Test Files [22m [1m[31m1 failed[39m[22m[90m (1)[39m
[2m      Tests [22m [1m[31m3 failed[39m[22m[2m | [22m[1m[32m9 passed[39m[22m[90m (12)[39m
[2m   Start at [22m 02:01:50
[2m   Duration [22m 196.75s[2m (transform 404ms, setup 0ms, import 741ms, tests 195.75s, environment 0ms)[22m

 FAIL  .goal/goals/novel-story-guidance/tmp/smoke-e2e.test.ts > smoke e2e: premise → fact extraction > 等待工作流完成并捕获最终状态
AssertionError: expected 'failed' to be 'completed' // Object.is equality

Expected: "completed"
Received: "failed"

 ❯ .goal/goals/novel-story-guidance/tmp/smoke-e2e.test.ts:273:24
    271|     const agents = await novelDb.agentRuns.where("projectId").equals(p…
    272|     await saveArtifact("15-agent-runs.txt", JSON.stringify(agents.map(…
    273|     expect(run.status).toBe("completed");
       |                        ^
    274|   });
    275| });

⎯⎯⎯⎯⎯⎯⎯⎯⎯⎯⎯⎯⎯⎯⎯⎯⎯⎯⎯⎯⎯⎯⎯⎯[3/3]⎯

