2026-07-30T10:43:38.841Z [INFO] asset workflow-bundle-0ffe65aafbb916110fea.js 1.85 MiB [emitted] [immutable] (name: main)
runtime modules 1.34 KiB 4 modules
modules by path ./node_modules/.pnpm/ 437 KiB
  modules by path ./node_modules/.pnpm/@temporalio+common@1.21.1/node_modules/@temporal...(truncated) 159 KiB 35 modules
  modules by path ./node_modules/.pnpm/@temporalio+workflow@1.21.1/node_modules/@tempor...(truncated) 202 KiB 26 modules
  modules by path ./node_modules/.pnpm/nexus-rpc@0.0.2/node_modules/nexus-rpc/lib/ 22.3 KiB 13 modules
  + 2 modules
modules by path ./src/novel-v2/ 124 KiB
  modules by path ./src/novel-v2/temporal/*.ts 113 KiB
    ./src/novel-v2/temporal/workflows.ts 105 KiB [built] [code generated]
    ./src/novel-v2/temporal/revision-policy.ts 7.98 KiB [built] [code generated]
  ./src/novel-v2/temporal/workflows-autogenerated-entrypoint.cjs 510 bytes [built] [code generated]
  ./src/novel-v2/application/chapter-lifecycle.ts 10.7 KiB [built] [code generated]
optional modules 30 bytes [optional]
  __temporal_custom_payload_converter (ignored) 15 bytes [optional] [built] [code generated]
  __temporal_custom_failure_converter (ignored) 15 bytes [optional] [built] [code generated]
webpack 5.109.0 compiled successfully in 477 ms { sdkComponent: 'worker', taskQueue: 'novel-v2' }
2026-07-30T10:43:38.847Z [INFO] Workflow bundle created { sdkComponent: 'worker', taskQueue: 'novel-v2', size: '1.85MB' }
2026-07-30T10:43:39.407Z [INFO] Worker state changed { sdkComponent: 'worker', taskQueue: 'novel-v2', state: 'RUNNING' }
2026-07-30T10:43:39.410Z [INFO] No Nexus services registered, not polling for Nexus tasks { sdkComponent: 'worker', taskQueue: 'novel-v2' }
